// Jest Snapshot v1, https://goo.gl/fbAQLP

exports[`should render the Loading Page 1`] = `
<div
  className="loader"
>
  <img
    alt="loader"
    className="loader__image"
    src="/images/loader.gif"
  />
</div>
`;
